// Jest Snapshot v1, https://goo.gl/fbAQLP

exports[`Pruebas para el componente <GifGrid /> debe matchear con el snapshot 1`] = `
<Fragment>
  <h3>
     
    un string
     
  </h3>
  <div
    className="Card-Grid"
  >
    <p
      className="animate__animated animate__heartBeat"
    >
      Loading...
    </p>
  </div>
</Fragment>
`;
